// Jest Snapshot v1, https://goo.gl/fbAQLP

exports[`<HelloContainer /> Tests Rendering Tests should match the snapshot 1`] = `
<HelloComponent
  decrement={[Function]}
  error="Error"
  executeLs={[Function]}
  increment={[Function]}
  output="Output"
  setValue={[Function]}
  store={
    Object {
      "clearActions": [Function],
      "dispatch": [MockFunction],
      "getActions": [Function],
      "getState": [Function],
      "replaceReducer": [Function],
      "subscribe": [Function],
    }
  }
  storeSubscription={
    Subscription {
      "listeners": Object {
        "clear": [Function],
        "get": [Function],
        "notify": [Function],
        "subscribe": [Function],
      },
      "onStateChange": [Function],
      "parentSub": undefined,
      "store": Object {
        "clearActions": [Function],
        "dispatch": [MockFunction],
        "getActions": [Function],
        "getState": [Function],
        "replaceReducer": [Function],
        "subscribe": [Function],
      },
      "unsubscribe": [Function],
    }
  }
  value={1}
/>
`;
